[1/63] cert 0/0  uncert 0/0  cert_recto 0/0  cert_norecto 0/0  (12s)
[2/63] cert 3/3  uncert 0/0  cert_recto 2/2  cert_norecto 1/1  (23s)
[3/63] cert 133/133  uncert 8/8  cert_recto 95/95  cert_norecto 38/38  (59s)
[4/63] cert 137/137  uncert 8/8  cert_recto 95/95  cert_norecto 42/42  (69s)
[5/63] cert 148/148  uncert 8/8  cert_recto 103/103  cert_norecto 45/45  (81s)
[6/63] cert 154/154  uncert 9/9  cert_recto 106/106  cert_norecto 48/48  (91s)
[7/63] cert 277/278  uncert 11/15  cert_recto 183/183  cert_norecto 94/95  (126s)
[8/63] cert 363/369  uncert 12/16  cert_recto 239/239  cert_norecto 124/130  (189s)
[9/63] cert 365/371  uncert 12/16  cert_recto 240/240  cert_norecto 125/131  (199s)
[10/63] cert 401/407  uncert 13/17  cert_recto 261/261  cert_norecto 140/146  (218s)
[11/63] cert 423/429  uncert 16/20  cert_recto 273/273  cert_norecto 150/156  (231s)
[12/63] cert 447/453  uncert 17/21  cert_recto 289/289  cert_norecto 158/164  (266s)
[13/63] cert 455/461  uncert 19/23  cert_recto 289/289  cert_norecto 166/172  (278s)
[14/63] cert 471/477  uncert 23/27  cert_recto 300/300  cert_norecto 171/177  (302s)
[15/63] cert 556/562  uncert 28/32  cert_recto 359/359  cert_norecto 197/203  (327s)
[16/63] cert 568/574  uncert 31/35  cert_recto 366/366  cert_norecto 202/208  (344s)
[17/63] cert 585/591  uncert 36/41  cert_recto 375/375  cert_norecto 210/216  (387s)
[18/63] cert 595/601  uncert 36/41  cert_recto 383/383  cert_norecto 212/218  (399s)
[19/63] cert 604/610  uncert 43/49  cert_recto 389/389  cert_norecto 215/221  (411s)
[20/63] cert 605/611  uncert 46/52  cert_recto 389/389  cert_norecto 216/222  (423s)
[21/63] cert 605/611  uncert 46/52  cert_recto 389/389  cert_norecto 216/222  (435s)
[22/63] cert 627/633  uncert 47/53  cert_recto 406/406  cert_norecto 221/227  (447s)
[23/63] cert 666/672  uncert 47/53  cert_recto 442/442  cert_norecto 224/230  (466s)
[24/63] cert 706/712  uncert 55/62  cert_recto 466/466  cert_norecto 240/246  (497s)
[25/63] cert 710/716  uncert 60/67  cert_recto 468/468  cert_norecto 242/248  (508s)
[26/63] cert 740/746  uncert 77/89  cert_recto 490/490  cert_norecto 250/256  (557s)
[27/63] cert 746/752  uncert 77/89  cert_recto 494/494  cert_norecto 252/258  (573s)
[28/63] cert 771/777  uncert 82/94  cert_recto 516/516  cert_norecto 255/261  (628s)
[29/63] cert 839/845  uncert 84/99  cert_recto 555/555  cert_norecto 284/290  (649s)
[30/63] cert 879/885  uncert 89/105  cert_recto 583/583  cert_norecto 296/302  (686s)
[31/63] cert 881/887  uncert 89/105  cert_recto 584/584  cert_norecto 297/303  (696s)
[32/63] cert 881/887  uncert 90/106  cert_recto 584/584  cert_norecto 297/303  (706s)
[33/63] cert 890/896  uncert 93/109  cert_recto 589/589  cert_norecto 301/307  (716s)
[34/63] cert 895/901  uncert 93/109  cert_recto 593/593  cert_norecto 302/308  (727s)
[35/63] cert 948/954  uncert 102/118  cert_recto 625/625  cert_norecto 323/329  (754s)
[36/63] cert 967/973  uncert 102/118  cert_recto 640/640  cert_norecto 327/333  (763s)
[37/63] cert 973/979  uncert 102/118  cert_recto 644/644  cert_norecto 329/335  (773s)
[38/63] cert 979/985  uncert 102/118  cert_recto 648/648  cert_norecto 331/337  (785s)
[39/63] cert 987/993  uncert 102/118  cert_recto 655/655  cert_norecto 332/338  (796s)
[40/63] cert 1003/1009  uncert 103/119  cert_recto 668/668  cert_norecto 335/341  (806s)
[41/63] cert 1021/1027  uncert 104/120  cert_recto 679/679  cert_norecto 342/348  (828s)
[42/63] cert 1025/1031  uncert 105/121  cert_recto 681/681  cert_norecto 344/350  (838s)
[43/63] cert 1050/1056  uncert 105/121  cert_recto 699/699  cert_norecto 351/357  (873s)
[44/63] cert 1057/1063  uncert 107/123  cert_recto 703/703  cert_norecto 354/360  (889s)
[45/63] cert 1087/1093  uncert 107/123  cert_recto 722/722  cert_norecto 365/371  (899s)
[46/63] cert 1095/1101  uncert 107/123  cert_recto 727/727  cert_norecto 368/374  (908s)
[47/63] cert 1102/1108  uncert 107/123  cert_recto 732/732  cert_norecto 370/376  (922s)
[48/63] cert 1118/1124  uncert 110/126  cert_recto 742/742  cert_norecto 376/382  (932s)
[49/63] cert 1121/1127  uncert 110/126  cert_recto 745/745  cert_norecto 376/382  (949s)
[50/63] cert 1182/1188  uncert 111/127  cert_recto 785/785  cert_norecto 397/403  (970s)
[51/63] cert 1224/1230  uncert 117/133  cert_recto 809/809  cert_norecto 415/421  (1030s)
[52/63] cert 1228/1234  uncert 118/134  cert_recto 811/811  cert_norecto 417/423  (1040s)
[53/63] cert 1230/1236  uncert 118/134  cert_recto 813/813  cert_norecto 417/423  (1048s)
[54/63] cert 1232/1238  uncert 118/134  cert_recto 814/814  cert_norecto 418/424  (1056s)
[55/63] cert 1238/1244  uncert 118/134  cert_recto 820/820  cert_norecto 418/424  (1072s)
[56/63] cert 1254/1260  uncert 118/134  cert_recto 830/830  cert_norecto 424/430  (1090s)
[57/63] cert 1296/1302  uncert 121/137  cert_recto 862/862  cert_norecto 434/440  (1102s)
[58/63] cert 1338/1344  uncert 121/137  cert_recto 887/887  cert_norecto 451/457  (1113s)
[59/63] cert 1434/1440  uncert 121/137  cert_recto 957/957  cert_norecto 477/483  (1124s)
[60/63] cert 1434/1440  uncert 121/137  cert_recto 957/957  cert_norecto 477/483  (1133s)
[61/63] cert 1490/1496  uncert 126/142  cert_recto 990/990  cert_norecto 500/506  (1156s)
[62/63] cert 1581/1587  uncert 128/148  cert_recto 1047/1047  cert_norecto 534/540  (1176s)
[63/63] cert 1581/1587  uncert 128/148  cert_recto 1047/1047  cert_norecto 534/540  (1185s)
cert: 1581/1587 = 0.9962 of generated steps matching human ladders are correct
uncert: 128/148 = 0.8649 of generated steps matching human ladders are correct
cert_recto: 1047/1047 = 1.0000 of generated steps matching human ladders are correct
cert_norecto: 534/540 = 0.9889 of generated steps matching human ladders are correct
