[1/63] cert 0/0  uncert 0/0  cert_recto 0/0  cert_norecto 0/0  (12s)
[2/63] cert 3/3  uncert 0/0  cert_recto 2/2  cert_norecto 1/1  (23s)
[3/63] cert 133/133  uncert 8/8  cert_recto 84/84  cert_norecto 49/49  (43s)
[4/63] cert 137/137  uncert 8/8  cert_recto 84/84  cert_norecto 53/53  (52s)
[5/63] cert 148/148  uncert 8/8  cert_recto 91/91  cert_norecto 57/57  (62s)
[6/63] cert 154/154  uncert 9/9  cert_recto 93/93  cert_norecto 61/61  (72s)
[7/63] cert 277/278  uncert 11/15  cert_recto 165/165  cert_norecto 112/113  (93s)
[8/63] cert 363/369  uncert 12/16  cert_recto 215/215  cert_norecto 148/154  (113s)
[9/63] cert 365/371  uncert 12/16  cert_recto 217/217  cert_norecto 148/154  (123s)
[10/63] cert 401/407  uncert 13/17  cert_recto 235/235  cert_norecto 166/172  (139s)
[11/63] cert 423/429  uncert 16/20  cert_recto 247/247  cert_norecto 176/182  (149s)
[12/63] cert 447/453  uncert 17/21  cert_recto 263/263  cert_norecto 184/190  (172s)
[13/63] cert 455/461  uncert 19/23  cert_recto 263/263  cert_norecto 192/198  (182s)
[14/63] cert 471/477  uncert 23/27  cert_recto 274/274  cert_norecto 197/203  (200s)
[15/63] cert 556/562  uncert 28/32  cert_recto 326/326  cert_norecto 230/236  (220s)
[16/63] cert 568/574  uncert 31/35  cert_recto 333/333  cert_norecto 235/241  (235s)
[17/63] cert 585/591  uncert 36/41  cert_recto 342/342  cert_norecto 243/249  (268s)
[18/63] cert 595/601  uncert 36/41  cert_recto 349/349  cert_norecto 246/252  (280s)
[19/63] cert 604/610  uncert 43/49  cert_recto 354/354  cert_norecto 250/256  (292s)
[20/63] cert 605/611  uncert 46/52  cert_recto 354/354  cert_norecto 251/257  (304s)
[21/63] cert 605/611  uncert 46/52  cert_recto 354/354  cert_norecto 251/257  (316s)
[22/63] cert 627/633  uncert 47/53  cert_recto 366/366  cert_norecto 261/267  (327s)
[23/63] cert 666/672  uncert 47/53  cert_recto 400/400  cert_norecto 266/272  (343s)
[24/63] cert 706/712  uncert 55/62  cert_recto 423/423  cert_norecto 283/289  (366s)
[25/63] cert 710/716  uncert 60/67  cert_recto 424/424  cert_norecto 286/292  (376s)
[26/63] cert 740/746  uncert 77/89  cert_recto 442/442  cert_norecto 298/304  (406s)
[27/63] cert 746/752  uncert 77/89  cert_recto 446/446  cert_norecto 300/306  (417s)
[28/63] cert 771/777  uncert 82/94  cert_recto 466/466  cert_norecto 305/311  (435s)
[29/63] cert 839/845  uncert 84/99  cert_recto 498/498  cert_norecto 341/347  (452s)
[30/63] cert 879/885  uncert 89/105  cert_recto 522/522  cert_norecto 357/363  (477s)
[31/63] cert 881/887  uncert 89/105  cert_recto 523/523  cert_norecto 358/364  (488s)
[32/63] cert 881/887  uncert 90/106  cert_recto 523/523  cert_norecto 358/364  (498s)
[33/63] cert 890/896  uncert 93/109  cert_recto 526/526  cert_norecto 364/370  (508s)
[34/63] cert 895/901  uncert 93/109  cert_recto 530/530  cert_norecto 365/371  (519s)
[35/63] cert 948/954  uncert 102/118  cert_recto 562/562  cert_norecto 386/392  (539s)
[36/63] cert 967/973  uncert 102/118  cert_recto 572/572  cert_norecto 395/401  (549s)
[37/63] cert 973/979  uncert 102/118  cert_recto 575/575  cert_norecto 398/404  (558s)
[38/63] cert 979/985  uncert 102/118  cert_recto 579/579  cert_norecto 400/406  (570s)
[39/63] cert 987/993  uncert 102/118  cert_recto 586/586  cert_norecto 401/407  (580s)
[40/63] cert 1003/1009  uncert 103/119  cert_recto 598/598  cert_norecto 405/411  (591s)
[41/63] cert 1021/1027  uncert 104/120  cert_recto 609/609  cert_norecto 412/418  (607s)
[42/63] cert 1025/1031  uncert 105/121  cert_recto 611/611  cert_norecto 414/420  (617s)
[43/63] cert 1050/1056  uncert 105/121  cert_recto 627/627  cert_norecto 423/429  (639s)
[44/63] cert 1057/1063  uncert 107/123  cert_recto 631/631  cert_norecto 426/432  (654s)
[45/63] cert 1087/1093  uncert 107/123  cert_recto 650/650  cert_norecto 437/443  (663s)
[46/63] cert 1095/1101  uncert 107/123  cert_recto 654/654  cert_norecto 441/447  (673s)
[47/63] cert 1102/1108  uncert 107/123  cert_recto 658/658  cert_norecto 444/450  (684s)
[48/63] cert 1118/1124  uncert 110/126  cert_recto 665/665  cert_norecto 453/459  (693s)
[49/63] cert 1121/1127  uncert 110/126  cert_recto 668/668  cert_norecto 453/459  (706s)
[50/63] cert 1182/1188  uncert 111/127  cert_recto 702/702  cert_norecto 480/486  (721s)
[51/63] cert 1224/1230  uncert 117/133  cert_recto 723/723  cert_norecto 501/507  (751s)
[52/63] cert 1228/1234  uncert 118/134  cert_recto 726/726  cert_norecto 502/508  (760s)
[53/63] cert 1230/1236  uncert 118/134  cert_recto 728/728  cert_norecto 502/508  (767s)
[54/63] cert 1232/1238  uncert 118/134  cert_recto 729/729  cert_norecto 503/509  (775s)
[55/63] cert 1238/1244  uncert 118/134  cert_recto 733/733  cert_norecto 505/511  (783s)
[56/63] cert 1254/1260  uncert 118/134  cert_recto 743/743  cert_norecto 511/517  (799s)
[57/63] cert 1296/1302  uncert 121/137  cert_recto 773/773  cert_norecto 523/529  (810s)
[58/63] cert 1338/1344  uncert 121/137  cert_recto 797/797  cert_norecto 541/547  (820s)
[59/63] cert 1434/1440  uncert 121/137  cert_recto 853/853  cert_norecto 581/587  (829s)
[60/63] cert 1434/1440  uncert 121/137  cert_recto 853/853  cert_norecto 581/587  (837s)
[61/63] cert 1490/1496  uncert 126/142  cert_recto 886/886  cert_norecto 604/610  (855s)
[62/63] cert 1581/1587  uncert 128/148  cert_recto 942/942  cert_norecto 639/645  (868s)
[63/63] cert 1581/1587  uncert 128/148  cert_recto 942/942  cert_norecto 639/645  (877s)
cert: 1581/1587 = 0.9962 of generated steps matching human ladders are correct
uncert: 128/148 = 0.8649 of generated steps matching human ladders are correct
cert_recto: 942/942 = 1.0000 of generated steps matching human ladders are correct
cert_norecto: 639/645 = 0.9907 of generated steps matching human ladders are correct
