[1/63] pairs 2 (21s)
[2/63] pairs 14 (33s)
[3/63] pairs 97 (45s)
[4/63] pairs 104 (56s)
[5/63] pairs 131 (69s)
[6/63] pairs 137 (83s)
[7/63] pairs 227 (94s)
[8/63] pairs 292 (109s)
[9/63] pairs 294 (121s)
[10/63] pairs 337 (135s)
[11/63] pairs 370 (147s)
[12/63] pairs 398 (160s)
[13/63] pairs 408 (172s)
[14/63] pairs 421 (186s)
[15/63] pairs 453 (202s)
[16/63] pairs 467 (216s)
[17/63] pairs 494 (229s)
[18/63] pairs 498 (242s)
[19/63] pairs 509 (256s)
[20/63] pairs 514 (271s)
[21/63] pairs 522 (285s)
[22/63] pairs 534 (302s)
[23/63] pairs 549 (317s)
[24/63] pairs 582 (330s)
[25/63] pairs 587 (345s)
[26/63] pairs 617 (358s)
[27/63] pairs 627 (374s)
[28/63] pairs 670 (388s)
[29/63] pairs 733 (402s)
[30/63] pairs 789 (415s)
[31/63] pairs 799 (430s)
[32/63] pairs 806 (442s)
[33/63] pairs 813 (454s)
[34/63] pairs 823 (466s)
[35/63] pairs 851 (479s)
[36/63] pairs 860 (491s)
[37/63] pairs 862 (503s)
[38/63] pairs 893 (514s)
[39/63] pairs 898 (527s)
[40/63] pairs 913 (538s)
[41/63] pairs 945 (549s)
[42/63] pairs 952 (560s)
[43/63] pairs 994 (591s)
[44/63] pairs 1021 (601s)
[45/63] pairs 1038 (613s)
[46/63] pairs 1048 (623s)
[47/63] pairs 1067 (644s)
[48/63] pairs 1073 (654s)
[49/63] pairs 1077 (663s)
[50/63] pairs 1171 (673s)
[51/63] pairs 1202 (687s)
[52/63] pairs 1212 (696s)
[53/63] pairs 1213 (705s)
[54/63] pairs 1222 (716s)
[55/63] pairs 1228 (727s)
[56/63] pairs 1241 (747s)
[57/63] pairs 1277 (756s)
[58/63] pairs 1296 (785s)
[59/63] pairs 1343 (803s)
[60/63] pairs 1349 (813s)
[61/63] pairs 1417 (823s)
[62/63] pairs 1501 (831s)
[63/63] pairs 1502 (840s)
local    accuracy 0.9561
density  accuracy 0.8921
global   accuracy 0.9467
local=den                          coverage 0.885  precision 0.9827  errors 23
local=den=glob                     coverage 0.858  precision 0.9899  errors 13
local=den=glob & tight             coverage 0.700  precision 0.9962  errors 4
local=den=glob & tight & dres>2    coverage 0.695  precision 0.9962  errors 4
