[1/63] pairs 3 (47s)
[2/63] pairs 36 (90s)
[3/63] pairs 270 (131s)
[4/63] pairs 288 (163s)
[5/63] pairs 366 (203s)
[6/63] pairs 381 (237s)
[7/63] pairs 633 (277s)
[8/63] pairs 798 (316s)
[9/63] pairs 801 (348s)
[10/63] pairs 924 (390s)
[11/63] pairs 1017 (431s)
[12/63] pairs 1095 (473s)
[13/63] pairs 1122 (513s)
[14/63] pairs 1155 (560s)
[15/63] pairs 1239 (609s)
[16/63] pairs 1275 (655s)
[17/63] pairs 1333 (694s)
[18/63] pairs 1342 (739s)
[19/63] pairs 1369 (775s)
[20/63] pairs 1381 (817s)
[21/63] pairs 1402 (855s)
[22/63] pairs 1432 (900s)
[23/63] pairs 1468 (945s)
[24/63] pairs 1547 (980s)
[25/63] pairs 1559 (1023s)
[26/63] pairs 1622 (1064s)
[27/63] pairs 1646 (1104s)
[28/63] pairs 1747 (1138s)
[29/63] pairs 1909 (1181s)
[30/63] pairs 2056 (1225s)
[31/63] pairs 2083 (1265s)
[32/63] pairs 2101 (1305s)
[33/63] pairs 2119 (1349s)
[34/63] pairs 2143 (1391s)
[35/63] pairs 2215 (1423s)
[36/63] pairs 2239 (1455s)
[37/63] pairs 2242 (1495s)
[38/63] pairs 2326 (1536s)
[39/63] pairs 2338 (1570s)
[40/63] pairs 2377 (1612s)
[41/63] pairs 2461 (1650s)
[42/63] pairs 2479 (1681s)
[43/63] pairs 2584 (1719s)
[44/63] pairs 2656 (1757s)
[45/63] pairs 2704 (1794s)
[46/63] pairs 2731 (1825s)
[47/63] pairs 2782 (1864s)
[48/63] pairs 2797 (1902s)
[49/63] pairs 2803 (1940s)
[50/63] pairs 3076 (1976s)
[51/63] pairs 3148 (2022s)
[52/63] pairs 3172 (2058s)
[53/63] pairs 3173 (2097s)
[54/63] pairs 3197 (2130s)
[55/63] pairs 3209 (2157s)
[56/63] pairs 3239 (2191s)
[57/63] pairs 3329 (2217s)
[58/63] pairs 3377 (2244s)
[59/63] pairs 3515 (2270s)
[60/63] pairs 3530 (2296s)
[61/63] pairs 3725 (2331s)
[62/63] pairs 3965 (2363s)
[63/63] pairs 3966 (2393s)

by true wrap difference dw (human ladders, Paris 4):
dw    pairs  certified  coverage  precision  errors  certified-as-1  certified-as-1-wrong
 1     1502      1052     0.700     0.9962      4           1048                    0
 2     1320       636     0.482     0.9858      9              1                    1
 3     1144       411     0.359     0.9489     21              0                    0

all pairs: certified 2099 of 3966, precision 0.9838, errors 34
constant-1 predictor on the same certified set: 0.5012
